hello
world
nice to meet you
how are you
nihao
good moring
good moring
good moring
